// Jest Snapshot v1, https://goo.gl/fbAQLP

exports[`DatePicker should match the snapshot 1`] = `
<body>
  <div>
    <div
      class="MuiFormControl-root MuiTextField-root OxygenDatePicker-root css-z3c6am-MuiFormControl-root-MuiTextField-root"
    >
      <div
        class="MuiInputBase-root MuiOutlinedInput-root MuiInputBase-colorPrimary MuiInputBase-formControl MuiInputBase-sizeSmall MuiInputBase-adornedEnd Mui-readOnly MuiInputBase-readOnly css-ivpg3s-MuiInputBase-root-MuiOutlinedInput-root"
      >
        <input
          aria-invalid="false"
          aria-label="Choose date"
          autocomplete="off"
          class="MuiInputBase-input MuiOutlinedInput-input MuiInputBase-inputSizeSmall MuiInputBase-inputAdornedEnd Mui-readOnly MuiInputBase-readOnly css-1h5lv9e-MuiInputBase-input-MuiOutlinedInput-input"
          id=":r4:"
          inputmode="text"
          placeholder="MM/DD/YYYY"
          readonly=""
          type="text"
          value=""
        />
        <fieldset
          aria-hidden="true"
          class="MuiOutlinedInput-notchedOutline css-116asjz-MuiOutlinedInput-notchedOutline"
        >
          <legend
            class="css-ihdtdm"
          >
            <span
              class="notranslate"
            >
              â€‹
            </span>
          </legend>
        </fieldset>
      </div>
    </div>
  </div>
</body>
`;
